[www.shankangke.com/index.html]
[backblue.gif]
[fade.gif]
[index.html]
[www.shankangke.com/wp-includes/css/dist/block-library/style.min1bee.css]
[www.shankangke.com/wp-includes/css/classic-themes.min68b3.css]
[www.shankangke.com/wp-content/themes/generatepress/assets/css/components/widget-areas.mine1e3.css]
[www.shankangke.com/feed/index.html]
[www.shankangke.com/wp-content/themes/generatepress/assets/css/main.mine1e3.css]
[www.shankangke.com/home-zh/index.html]
[www.shankangke.com/wp-json/wp/v2/pages/12.json]
[www.shankangke.com/xmlrpc0db0.php]
[www.shankangke.com/wp-json/index.html]
[www.shankangke.com/wp-includes/wlwmanifest.xml]
[www.shankangke.com/wp-json/oembed/1.0/embed29f1.json]
[www.shankangke.com/wp-json/oembed/1.0/embed3246]
[www.shankangke.com/apple-touch-icon.png]
[www.shankangke.com/favicon-32x32.png]
[www.shankangke.com/favicon-16x16.png]
[www.shankangke.com/site.webmanifest]
[www.shankangke.com/safari-pinned-tab.svg]
[www.shankangke.com/wp-content/themes/generatepress/assets/js/menu.mine1e3.js]
[www.shankangke.com/index.html]
[www.shankangke.com/wp-json/wp/v2/pages/18.json]
[www.shankangke.com/zh/feed/index.html]
[www.shankangke.com/zh/comments/feed/index.html]
[www.shankangke.com/wp-json/oembed/1.0/embed60ef.json]
[www.shankangke.com/home-zh/index.html]
[www.shankangke.com/comments/feed/index.html]
[www.shankangke.com/wp-includes/css/dist/block-library/style.min1bee.css]
[www.shankangke.com/wp-includes/css/classic-themes.min68b3.css]
[www.shankangke.com/wp-content/themes/generatepress/assets/css/components/widget-areas.mine1e3.css]
[www.shankangke.com/wp-content/themes/generatepress/assets/css/main.mine1e3.css]
[www.shankangke.com/xmlrpc0db0.html]
[www.shankangke.com/safari-pinned-tab.svg]
[www.shankangke.com/wp-json/oembed/1.0/embed97ab]
[www.shankangke.com/posts-zh/index.html]
[www.shankangke.com/posts-zh/index.html]
[www.shankangke.com/category/posts-zh/index.html]
[www.shankangke.com/posts/index.html]
[www.shankangke.com/posts/index.html]
[www.shankangke.com/2023/02/16/security-desktop-vs-mobile-zh/index.html]
[www.shankangke.com/zh/author/shankangke/index.html]
[www.shankangke.com/wp-content/themes/generatepress/assets/css/components/comments.mine1e3.css]
[www.shankangke.com/tag/security-zh/index.html]
[www.shankangke.com/2023/01/18/your-security-plan-zh/index.html]
[www.shankangke.com/tag/eff-zh/index.html]
[www.shankangke.com/tag/privacy-zh/index.html]
[www.shankangke.com/wp-json/wp/v2/posts/68.json]
[www.shankangke.com/2023/02/16/security-desktop-vs-mobile-zh/feed/index.html]
[www.shankangke.com/tag/paul-graham-zh/index.html]
[www.shankangke.com/2023/01/17/talk-zh/index.html]
[www.shankangke.com/wp-json/oembed/1.0/embedbe11.json]
[www.shankangke.com/wp-json/oembed/1.0/embed62cb]
[www.shankangke.com/xmlrpc.php]
[www.shankangke.com/wp-includes/js/comment-reply.min1bee.js]
[www.shankangke.com/2023/02/16/security-desktop-vs-mobile-zh/index.html]
[www.shankangke.com/wp-json/wp/v2/users/1]
[www.shankangke.com/zh/author/shankangke/index.html]
[www.shankangke.com/zh/author/shankangke/feed/index.html]
[www.shankangke.com/category/posts-zh/index.html]
[www.shankangke.com/wp-json/wp/v2/categories/24.json]
[www.shankangke.com/category/posts-zh/feed/index.html]
[www.shankangke.com/tag/security-zh/index.html]
[www.shankangke.com/wp-json/wp/v2/tags/32.json]
[www.shankangke.com/tag/security-zh/feed/index.html]
[www.shankangke.com/wp-json/wp/v2/posts/52.json]
[www.shankangke.com/2023/01/18/your-security-plan-zh/feed/index.html]
[www.shankangke.com/wp-json/oembed/1.0/embedb085.json]
[www.shankangke.com/2023/01/18/your-security-plan-zh/index.html]
[www.shankangke.com/wp-json/oembed/1.0/embed61ee]
[www.shankangke.com/tag/eff-zh/index.html]
[www.shankangke.com/wp-json/wp/v2/tags/28.json]
[www.shankangke.com/tag/eff-zh/feed/index.html]
[www.shankangke.com/wp-json/wp/v2/tags/30.json]
[www.shankangke.com/tag/privacy-zh/index.html]
[www.shankangke.com/tag/privacy-zh/feed/index.html]
[www.shankangke.com/wp-json/wp/v2/posts/34.json]
[www.shankangke.com/wp-json/oembed/1.0/embedfc0d.json]
[www.shankangke.com/2023/01/17/talk-zh/feed/index.html]
[www.shankangke.com/2023/01/17/talk-zh/index.html]
[www.shankangke.com/wp-json/oembed/1.0/embedf519]
[www.shankangke.com/tag/paul-graham-zh/index.html]
[www.shankangke.com/wp-content/themes/generatepress/assets/css/components/comments.mine1e3.css]
[www.shankangke.com/index7ef4.html]
[www.shankangke.com/xmlrpc.html]
[www.shankangke.com/wp-json/wp/v2/users/1.json]
[www.shankangke.com/index4579.html]
[www.shankangke.com/index1e7e.html]
[www.shankangke.com/wp-json/wp/v2/tags/26.json]
[www.shankangke.com/tag/paul-graham-zh/feed/index.html]
