[www.shankangke.com/index.html]
[backblue.gif]
[fade.gif]
[index.html]
[www.shankangke.com/wp-includes/css/dist/block-library/style.min1bee.css]
[www.shankangke.com/wp-includes/css/classic-themes.min68b3.css]
[www.shankangke.com/wp-content/themes/generatepress/assets/css/components/widget-areas.mine1e3.css]
[www.shankangke.com/wp-content/themes/generatepress/assets/css/main.mine1e3.css]
[www.shankangke.com/xmlrpc0db0.php]
[www.shankangke.com/wp-includes/wlwmanifest.xml]
[www.shankangke.com/apple-touch-icon.png]
[www.shankangke.com/favicon-32x32.png]
[www.shankangke.com/favicon-16x16.png]
[www.shankangke.com/site.webmanifest]
[www.shankangke.com/safari-pinned-tab.svg]
[www.shankangke.com/wp-content/themes/generatepress/assets/js/menu.mine1e3.js]
[www.shankangke.com/index.html]
[www.shankangke.com/wp-includes/css/dist/block-library/style.min1bee.css]
[www.shankangke.com/wp-includes/css/classic-themes.min68b3.css]
[www.shankangke.com/wp-content/themes/generatepress/assets/css/components/widget-areas.mine1e3.css]
[www.shankangke.com/wp-content/themes/generatepress/assets/css/main.mine1e3.css]
[www.shankangke.com/xmlrpc0db0.html]
[www.shankangke.com/safari-pinned-tab.svg]
[www.shankangke.com/home-zh/index.html]
[www.shankangke.com/feed/index.html]
[www.shankangke.com/comments/feed/index.html]
[www.shankangke.com/wp-json/index.html]
[www.shankangke.com/wp-json/wp/v2/pages/12.html]
[www.shankangke.com/wp-json/oembed/1.0/embed29f1.html]
[www.shankangke.com/wp-json/oembed/1.0/embed3246.html]
